// Jest Snapshot v1, https://jestjs.io/docs/snapshot-testing

exports[`PollCard component renders correctly 1`] = `
<div
  class="bg-white rounded-lg shadow-md p-6 hover:shadow-lg transition-shadow"
>
  <div
    class="flex items-center space-x-3 mb-4"
  >
    <img
      alt="Test User"
      class="w-10 h-10 rounded-full"
      src="https://example.com/avatar.jpg"
    />
    <div>
      <p
        class="font-semibold text-gray-900"
      >
        Test User
      </p>
      <p
        class="text-sm text-gray-500"
      >
        January 1, 2021 at 12:00 AM
      </p>
    </div>
  </div>
  <h3
    class="text-lg font-medium text-gray-900 mb-3"
  >
    Would You Rather...
  </h3>
  <div
    class="space-y-2 mb-4"
  >
    <p
      class="text-gray-600 truncate"
    >
      <span
        class="font-medium"
      >
        A:
      </span>
       
      Option One Text
    </p>
    <p
      class="text-gray-600 truncate"
    >
      <span
        class="font-medium"
      >
        B:
      </span>
       
      Option Two Text
    </p>
  </div>
  <div
    class="flex items-center justify-between"
  >
    <span
      class="inline-flex items-center px-2.5 py-0.5 rounded-full text-xs font-medium bg-yellow-100 text-yellow-800"
    >
      Not Answered
    </span>
    <a
      class="inline-flex items-center px-4 py-2 border border-transparent text-sm font-medium rounded-md text-blue-600 bg-blue-100 hover:bg-blue-200 transition-colors"
      data-discover="true"
      href="/questions/test-question"
    >
      View Poll
    </a>
  </div>
</div>
`;
